
Allocating common symbols
Common symbol       size              file

netbufpool          0x4               binaries/net.o
readylist           0x2               binaries/ready.o
rfltab              0x5a0             binaries/rflinit.o
sleepq              0x2               binaries/clkinit.o
nnames              0x4               binaries/naminit.o
udptab              0x168             binaries/udp.o
minheap             0x4               binaries/meminit.o
marks               0x50              binaries/mark.o
currpid             0x4               binaries/initialize.o
Lf_data             0x20c             binaries/lfsinit.o
porttab             0x2d0             binaries/ptinit.o
girmask             0x2               binaries/evec.o
ttytab              0x10c             binaries/ttyinit.o
proctab             0x15e0            binaries/initialize.o
prcount             0x4               binaries/initialize.o
lfltab              0xf00             binaries/lflinit.o
rdstab              0x8c              binaries/rdsinit.o
ethertab            0x138             binaries/ethinit.o
NetData             0xa8              binaries/net.o
nmarks              0x4               binaries/mark.o
Defer               0x8               binaries/resched.o
semtab              0x4b0             binaries/initialize.o
maxheap             0x4               binaries/meminit.o
preempt             0x4               binaries/clkinit.o
buftab              0xf0              binaries/bufinit.o
Rf_data             0x18              binaries/rfsinit.o
mkmutex             0x4               binaries/mark.o
clktime             0x4               binaries/clkinit.o
arpcache            0x140             binaries/arp.o
icmptab             0x230             binaries/icmp.o
nbpools             0x4               binaries/bufinit.o
queuetab            0x980             binaries/queue.o
ptnextid            0x4               binaries/ptinit.o
Ram                 0x19000           binaries/raminit.o
ipoqueue            0x2c              binaries/ip.o
memlist             0x8               binaries/initialize.o
nametab             0x19a0            binaries/naminit.o
ptfree              0x4               binaries/ptinit.o

Memory Configuration

Name             Origin             Length             Attributes
*default*        0x0000000000000000 0xffffffffffffffff

Linker script and memory map

                0x0000000000100000                physbase = 0x100000
                0x0000000000100000                . = physbase
                0x0000000000100000                . = ALIGN (0x1000)

.text           0x0000000000100000    0x14000
                0x0000000000100000                text = ABSOLUTE (.)
 *(.text .text.*)
 .text          0x0000000000100000      0x1a8 binaries/start.o
                0x0000000000100024                start
                0x00000000001000f6                inb
                0x00000000001000fe                inw
                0x0000000000100107                inl
                0x000000000010010f                outb
                0x0000000000100119                outw
                0x0000000000100124                outl
                0x000000000010012e                _rtcin
                0x0000000000100139                ___udivsi3
                0x0000000000100144                ___divsi3
                0x0000000000100150                sbzero
                0x0000000000100160                bcopy
                0x0000000000100174                insw
                0x000000000010018a                outsw
                0x00000000001001a0                lidt
 .text          0x00000000001001a8       0xb3 binaries/appl1.o
                0x00000000001001a8                appl1
 .text          0x000000000010025b      0x2bc binaries/ascdate.o
                0x000000000010025b                ascdate
 .text          0x0000000000100517       0x14 binaries/bufinit.o
                0x0000000000100517                bufinit
 .text          0x000000000010052b       0x74 binaries/chprio.o
                0x000000000010052b                chprio
 .text          0x000000000010059f       0x74 binaries/clkhandler.o
                0x000000000010059f                clkhandler
 .text          0x0000000000100613       0x5d binaries/clkinit.o
                0x0000000000100613                clkinit
 .text          0x0000000000100670       0x56 binaries/close.o
                0x0000000000100670                close
 .text          0x00000000001006c6        0x0 binaries/conf.o
 .text          0x00000000001006c6       0x5c binaries/control.o
                0x00000000001006c6                control
 .text          0x0000000000100722      0x24f binaries/create.o
                0x0000000000100722                create
 .text          0x0000000000100971      0x20e binaries/early_imr.o
                0x0000000000100971                intel_cln_early_sb_read_reg
                0x00000000001009c8                intel_cln_early_sb_write_reg
                0x0000000000100a82                remove_irm_protections
 .text          0x0000000000100b7f      0x2f4 binaries/evec.o
                0x0000000000100b7f                setirmask
                0x0000000000100bb7                set_evec
                0x0000000000100c12                initevec
                0x0000000000100ce4                trap
 .text          0x0000000000100e73       0x7f binaries/freebuf.o
                0x0000000000100e73                freebuf
 .text          0x0000000000100ef2      0x108 binaries/freemem.o
                0x0000000000100ef2                freemem
 .text          0x0000000000100ffa       0x59 binaries/fun1.o
                0x0000000000100ffa                fun1
 .text          0x0000000000101053       0x6e binaries/getbuf.o
                0x0000000000101053                getbuf
 .text          0x00000000001010c1       0x56 binaries/getc.o
                0x00000000001010c1                getc
 .text          0x0000000000101117       0x69 binaries/getdev.o
                0x0000000000101117                getdev
 .text          0x0000000000101180       0x82 binaries/getitem.o
                0x0000000000101180                getitem
                0x00000000001011af                getfirst
                0x00000000001011d6                getlast
 .text          0x0000000000101202       0xc2 binaries/getmem.o
                0x0000000000101202                getmem
 .text          0x00000000001012c4        0xa binaries/getpid.o
                0x00000000001012c4                getpid
 .text          0x00000000001012ce       0x66 binaries/getprio.o
                0x00000000001012ce                getprio
 .text          0x0000000000101334       0xab binaries/getstk.o
                0x0000000000101334                getstk
 .text          0x00000000001013df       0x32 binaries/gettime.o
                0x00000000001013df                gettime
 .text          0x0000000000101411      0x198 binaries/getutime.o
                0x0000000000101411                getutime
 .text          0x00000000001015a9      0x25f binaries/gocreate.o
                0x00000000001015a9                gocreate
 .text          0x0000000000101808       0x10 binaries/host2neta.o
                0x0000000000101808                host2neta
 .text          0x0000000000101818       0x56 binaries/init.o
                0x0000000000101818                init
 .text          0x000000000010186e      0x1e3 binaries/initialize.o
                0x000000000010186e                nulluser
                0x0000000000101a07                stop
                0x0000000000101a2b                delay
 .text          0x0000000000101a51       0xa1 binaries/insert.o
                0x0000000000101a51                insert
 .text          0x0000000000101af2       0xf4 binaries/insertd.o
                0x0000000000101af2                insertd
 .text          0x0000000000101be6        0xa binaries/ioerr.o
                0x0000000000101be6                ioerr
 .text          0x0000000000101bf0        0xa binaries/ionull.o
                0x0000000000101bf0                ionull
 .text          0x0000000000101bfa      0x192 binaries/kill.o
                0x0000000000101bfa                kill
 .text          0x0000000000101d8c       0xa9 binaries/kprintf.o
                0x0000000000101d8c                kputc
                0x0000000000101dbe                console_init
                0x0000000000101df1                kgetc
                0x0000000000101e17                kprintf
 .text          0x0000000000101e35        0x0 binaries/main1.o
 .text          0x0000000000101e35      0x109 binaries/main.o
                0x0000000000101e35                main
 .text          0x0000000000101f3e       0x99 binaries/mark.o
                0x0000000000101f3e                markinit
                0x0000000000101f5f                mark
 .text          0x0000000000101fd7      0x1cc binaries/meminit.o
                0x0000000000101fd7                meminit
                0x0000000000102131                setsegs
 .text          0x00000000001021a3      0x122 binaries/mkbufpool.o
                0x00000000001021a3                mkbufpool
 .text          0x00000000001022c5       0x63 binaries/newqueue.o
                0x00000000001022c5                newqueue
 .text          0x0000000000102328       0x23 binaries/onandon.o
                0x0000000000102328                onandon
 .text          0x000000000010234b       0x5c binaries/open.o
                0x000000000010234b                open
 .text          0x00000000001023a7       0x20 binaries/panic.o
                0x00000000001023a7                panic
 .text          0x00000000001023c7       0x15 binaries/part4print.o
                0x00000000001023c7                part4print
 .text          0x00000000001023dc      0x282 binaries/pci.o
                0x00000000001023dc                pci_init
                0x00000000001023e6                find_pci_device
                0x00000000001024a5                pci_read_config_byte
                0x00000000001024e3                pci_read_config_word
                0x0000000000102523                pci_read_config_dword
                0x0000000000102561                pci_write_config_byte
                0x000000000010259d                pci_write_config_word
                0x00000000001025da                pci_write_config_dword
                0x0000000000102616                pci_get_dev_mmio_base_addr
 .text          0x000000000010265e       0x50 binaries/platinit.o
                0x000000000010265e                platinit
 .text          0x00000000001026ae       0xa7 binaries/prnsegadd.o
                0x00000000001026ae                prnsegadd
 .text          0x0000000000102755       0xa9 binaries/ptclear.o
                0x0000000000102755                _ptclear
 .text          0x00000000001027fe       0x85 binaries/ptcount.o
                0x00000000001027fe                ptcount
 .text          0x0000000000102883       0xea binaries/ptcreate.o
                0x0000000000102883                ptcreate
 .text          0x000000000010296d       0x63 binaries/ptdelete.o
                0x000000000010296d                ptdelete
 .text          0x00000000001029d0       0x8b binaries/ptinit.o
                0x00000000001029d0                ptinit
 .text          0x0000000000102a5b       0xf5 binaries/ptrecv.o
                0x0000000000102a5b                ptrecv
 .text          0x0000000000102b50       0x66 binaries/ptreset.o
                0x0000000000102b50                ptreset
 .text          0x0000000000102bb6      0x115 binaries/ptsend.o
                0x0000000000102bb6                ptsend
 .text          0x0000000000102ccb       0x64 binaries/putc.o
                0x0000000000102ccb                putc
 .text          0x0000000000102d2f       0xb3 binaries/quark_irq.o
                0x0000000000102d2f                quark_irq_routing
 .text          0x0000000000102de2      0x19c binaries/quark_pdat.o
                0x0000000000102de2                get_quark_pdat_entry_data_by_id
                0x0000000000102ead                get_quark_pdat_entry_data_by_desc
 .text          0x0000000000102f7e       0xb9 binaries/queue.o
                0x0000000000102f7e                enqueue
                0x0000000000102fec                dequeue
 .text          0x0000000000103037       0x5c binaries/read.o
                0x0000000000103037                read
 .text          0x0000000000103093       0x6c binaries/ready.o
                0x0000000000103093                ready
 .text          0x00000000001030ff       0x6e binaries/receive.o
                0x00000000001030ff                receive
 .text          0x000000000010316d       0x57 binaries/recvclr.o
                0x000000000010316d                recvclr
 .text          0x00000000001031c4       0xc8 binaries/recvtime.o
                0x00000000001031c4                recvtime
 .text          0x000000000010328c      0x150 binaries/resched.o
                0x000000000010328c                resched
                0x000000000010336a                resched_cntl
 .text          0x00000000001033dc       0x90 binaries/resume.o
                0x00000000001033dc                resume
 .text          0x000000000010346c       0x59 binaries/seek.o
                0x000000000010346c                seek
 .text          0x00000000001034c5       0x51 binaries/semcount.o
                0x00000000001034c5                semcount
 .text          0x0000000000103516       0x8f binaries/semcreate.o
                0x0000000000103516                semcreate
 .text          0x00000000001035a5       0xcc binaries/semdelete.o
                0x00000000001035a5                semdelete
 .text          0x0000000000103671       0xa8 binaries/semreset.o
                0x0000000000103671                semreset
 .text          0x0000000000103719       0xd1 binaries/send.o
                0x0000000000103719                send
 .text          0x00000000001037ea       0x95 binaries/signal.o
                0x00000000001037ea                signal
 .text          0x000000000010387f       0xba binaries/signaln.o
                0x000000000010387f                signaln
 .text          0x0000000000103939       0xc9 binaries/sleep.o
                0x0000000000103939                sleepms
                0x00000000001039cc                sleep
 .text          0x0000000000103a02        0xd binaries/stackoverflowA.o
                0x0000000000103a02                stackoverflowA
 .text          0x0000000000103a0f       0x23 binaries/stackoverflowB.o
                0x0000000000103a0f                stackoverflowB
 .text          0x0000000000103a32       0xd3 binaries/suspend.o
                0x0000000000103a32                suspend
 .text          0x0000000000103b05       0x9a binaries/unsleep.o
                0x0000000000103b05                unsleep
 .text          0x0000000000103b9f       0x19 binaries/userret.o
                0x0000000000103b9f                userret
 .text          0x0000000000103bb8       0xb7 binaries/wait.o
                0x0000000000103bb8                wait
 .text          0x0000000000103c6f       0x71 binaries/wakeup.o
                0x0000000000103c6f                wakeup
 .text          0x0000000000103ce0       0x5c binaries/write.o
                0x0000000000103ce0                write
 .text          0x0000000000103d3c       0x1a binaries/xdone.o
                0x0000000000103d3c                xdone
 .text          0x0000000000103d56       0x26 binaries/yield.o
                0x0000000000103d56                yield
 .text          0x0000000000103d7c       0x11 binaries/abs.o
                0x0000000000103d7c                abs
 .text          0x0000000000103d8d       0x80 binaries/atoi.o
                0x0000000000103d8d                atoi
 .text          0x0000000000103e0d       0x80 binaries/atol.o
                0x0000000000103e0d                atol
 .text          0x0000000000103e8d       0x1a binaries/bzero.o
                0x0000000000103e8d                bzero
 .text          0x0000000000103ea7        0x0 binaries/ctype_.o
 .text          0x0000000000103ea7      0x6ad binaries/doprnt.o
                0x0000000000103ffa                _doprnt
 .text          0x0000000000104554      0x5e5 binaries/doscan.o
                0x0000000000104554                _doscan
 .text          0x0000000000104b39      0x64e binaries/fdoprnt.o
                0x0000000000104bbe                _fdoprnt
 .text          0x0000000000105187       0x1c binaries/fgetc.o
                0x0000000000105187                fgetc
 .text          0x00000000001051a3       0x5b binaries/fgets.o
                0x00000000001051a3                fgets
 .text          0x00000000001051fe       0x21 binaries/fprintf.o
                0x00000000001051fe                fprintf
 .text          0x000000000010521f       0x27 binaries/fputc.o
                0x000000000010521f                fputc
 .text          0x0000000000105246       0x3a binaries/fputs.o
                0x0000000000105246                fputs
 .text          0x0000000000105280       0x6a binaries/fscanf.o
                0x00000000001052be                fscanf
 .text          0x00000000001052ea       0x26 binaries/getchar.o
                0x00000000001052ea                getchar
 .text          0x0000000000105310       0x11 binaries/labs.o
                0x0000000000105310                labs
 .text          0x0000000000105321       0x36 binaries/memchr.o
                0x0000000000105321                memchr
 .text          0x0000000000105357       0x4a binaries/memcmp.o
                0x0000000000105357                memcmp
 .text          0x00000000001053a1       0x26 binaries/memcpy.o
                0x00000000001053a1                memcpy
 .text          0x00000000001053c7       0x1f binaries/memset.o
                0x00000000001053c7                memset
 .text          0x00000000001053e6       0x37 binaries/printf.o
                0x00000000001053e6                printf
 .text          0x000000000010541d       0x29 binaries/putchar.o
                0x000000000010541d                putchar
 .text          0x0000000000105446      0x1d0 binaries/qsort.o
                0x00000000001055ee                qsort
 .text          0x0000000000105616       0x4c binaries/rand.o
                0x0000000000105616                srand
                0x0000000000105623                rand
 .text          0x0000000000105662       0x48 binaries/sprintf.o
                0x000000000010567b                sprintf
 .text          0x00000000001056aa       0x5a binaries/sscanf.o
                0x00000000001056da                sscanf
 .text          0x0000000000105704       0x2f binaries/strchr.o
                0x0000000000105704                strchr
 .text          0x0000000000105733       0x45 binaries/strcmp.o
                0x0000000000105733                strcmp
 .text          0x0000000000105778       0x1c binaries/strcpy.o
                0x0000000000105778                strcpy
 .text          0x0000000000105794       0x20 binaries/strlen.o
                0x0000000000105794                strlen
 .text          0x00000000001057b4       0x3d binaries/strncat.o
                0x00000000001057b4                strncat
 .text          0x00000000001057f1       0x3b binaries/strncmp.o
                0x00000000001057f1                strncmp
 .text          0x000000000010582c       0x59 binaries/strncpy.o
                0x000000000010582c                strncpy
 .text          0x0000000000105885       0x38 binaries/strnlen.o
                0x0000000000105885                strnlen
 .text          0x00000000001058bd       0x32 binaries/strrchr.o
                0x00000000001058bd                strrchr
 .text          0x00000000001058ef       0x68 binaries/strstr.o
                0x00000000001058ef                strstr
 .text          0x0000000000105957      0x112 binaries/ttycontrol.o
                0x0000000000105957                ttycontrol
 .text          0x0000000000105a69       0xb0 binaries/ttygetc.o
                0x0000000000105a69                ttygetc
 .text          0x0000000000105b19      0x4aa binaries/ttyhandle_in.o
                0x0000000000105bdd                ttyhandle_in
 .text          0x0000000000105fc3      0x158 binaries/ttyhandle_out.o
                0x0000000000105fc3                ttyhandle_out
 .text          0x000000000010611b       0x85 binaries/ttyhandler.o
                0x000000000010611b                ttyhandler
 .text          0x00000000001061a0      0x15d binaries/ttyinit.o
                0x00000000001061a0                ttyinit
 .text          0x00000000001062fd        0xf binaries/ttykickout.o
                0x00000000001062fd                ttykickout
 .text          0x000000000010630c       0xb2 binaries/ttyputc.o
                0x000000000010630c                ttyputc
 .text          0x00000000001063be       0xfd binaries/ttyread.o
                0x00000000001063be                ttyread
 .text          0x00000000001064bb       0x4d binaries/ttywrite.o
                0x00000000001064bb                ttywrite
 .text          0x0000000000106508      0x129 binaries/mount.o
                0x0000000000106508                namlen
                0x0000000000106544                mount
 .text          0x0000000000106631      0x1c4 binaries/naminit.o
                0x0000000000106631                naminit
 .text          0x00000000001067f5      0x1fe binaries/nammap.o
                0x00000000001067f5                namrepl
                0x0000000000106918                namcpy
                0x0000000000106966                nammap
 .text          0x00000000001069f3       0x44 binaries/namopen.o
                0x00000000001069f3                namopen
 .text          0x0000000000106a37       0xd8 binaries/colon2mac.o
                0x0000000000106a37                colon2mac
 .text          0x0000000000106b0f       0x7d binaries/ethcontrol.o
                0x0000000000106b0f                ethcontrol
 .text          0x0000000000106b8c      0x16e binaries/ethhandler.o
                0x0000000000106b8c                ethhandler
 .text          0x0000000000106cfa      0x51d binaries/ethinit.o
                0x0000000000106cfa                eth_phy_read
                0x0000000000106d3a                eth_phy_write
                0x0000000000106d7b                eth_phy_reset
                0x0000000000106e55                ethinit
 .text          0x0000000000107217       0xef binaries/ethmcast.o
                0x0000000000107217                ethmcast_add
                0x0000000000107263                ethmcast_remove
 .text          0x0000000000107306      0x14c binaries/ethread.o
                0x0000000000107306                ethread
 .text          0x0000000000107452       0xc1 binaries/ethwrite.o
                0x0000000000107452                ethwrite
 .text          0x0000000000107513       0x68 binaries/rdsbufalloc.o
                0x0000000000107513                rdsbufalloc
 .text          0x000000000010757b       0xce binaries/rdsclose.o
                0x000000000010757b                rdsclose
 .text          0x0000000000107649      0x1e3 binaries/rdscomm.o
                0x0000000000107649                rdscomm
 .text          0x000000000010782c      0x1c4 binaries/rdscontrol.o
                0x000000000010782c                rdscontrol
 .text          0x00000000001079f0      0x1e3 binaries/rdsinit.o
                0x00000000001079f0                rdsinit
 .text          0x0000000000107bd3      0x199 binaries/rdsopen.o
                0x0000000000107bd3                rdsopen
 .text          0x0000000000107d6c      0x2b7 binaries/rdsprocess.o
                0x0000000000107d6c                rdsprocess
 .text          0x0000000000108023      0x1d8 binaries/rdsread.o
                0x0000000000108023                rdsread
 .text          0x00000000001081fb      0x1ae binaries/rdswrite.o
                0x00000000001081fb                rdswrite
 .text          0x00000000001083a9        0xa binaries/ramclose.o
                0x00000000001083a9                ramclose
 .text          0x00000000001083b3       0x35 binaries/raminit.o
                0x00000000001083b3                raminit
 .text          0x00000000001083e8        0xa binaries/ramopen.o
                0x00000000001083e8                ramopen
 .text          0x00000000001083f2       0x26 binaries/ramread.o
                0x00000000001083f2                ramread
 .text          0x0000000000108418       0x26 binaries/ramwrite.o
                0x0000000000108418                ramwrite
 .text          0x000000000010843e       0x87 binaries/lfdballoc.o
                0x000000000010843e                lfdballoc
 .text          0x00000000001084c5       0x49 binaries/lfdbfree.o
                0x00000000001084c5                lfdbfree
 .text          0x000000000010850e       0xa1 binaries/lfflush.o
                0x000000000010850e                lfflush
 .text          0x00000000001085af       0x82 binaries/lfgetmode.o
                0x00000000001085af                lfgetmode
 .text          0x0000000000108631       0x60 binaries/lfiballoc.o
                0x0000000000108631                lfiballoc
 .text          0x0000000000108691       0x27 binaries/lfibclear.o
                0x0000000000108691                lfibclear
 .text          0x00000000001086b8       0x6c binaries/lfibget.o
                0x00000000001086b8                lfibget
 .text          0x0000000000108724       0x88 binaries/lfibput.o
                0x0000000000108724                lfibput
 .text          0x00000000001087ac       0xa4 binaries/lflclose.o
                0x00000000001087ac                lflclose
 .text          0x0000000000108850       0xc2 binaries/lflcontrol.o
                0x0000000000108850                lflcontrol
 .text          0x0000000000108912       0xfb binaries/lflgetc.o
                0x0000000000108912                lflgetc
 .text          0x0000000000108a0d       0xe7 binaries/lflinit.o
                0x0000000000108a0d                lflinit
 .text          0x0000000000108af4      0x125 binaries/lflputc.o
                0x0000000000108af4                lflputc
 .text          0x0000000000108c19       0x6b binaries/lflread.o
                0x0000000000108c19                lflread
 .text          0x0000000000108c84       0xbd binaries/lflseek.o
                0x0000000000108c84                lflseek
 .text          0x0000000000108d41       0x52 binaries/lflwrite.o
                0x0000000000108d41                lflwrite
 .text          0x0000000000108d93      0x114 binaries/lfsckfmt.o
                0x0000000000108d93                lfsckfmt
 .text          0x0000000000108ea7      0x1e6 binaries/lfscreate.o
                0x0000000000108ea7                lfscreate
 .text          0x000000000010908d      0x1b1 binaries/lfsetup.o
                0x000000000010908d                lfsetup
 .text          0x000000000010923e       0x45 binaries/lfsinit.o
                0x000000000010923e                lfsinit
 .text          0x0000000000109283      0x2fe binaries/lfsopen.o
                0x0000000000109283                lfsopen
 .text          0x0000000000109581      0x112 binaries/lftruncate.o
                0x0000000000109581                lftruncate
 .text          0x0000000000109693       0x69 binaries/rflclose.o
                0x0000000000109693                rflclose
 .text          0x00000000001096fc       0x29 binaries/rflgetc.o
                0x00000000001096fc                rflgetc
 .text          0x0000000000109725       0x6c binaries/rflinit.o
                0x0000000000109725                rflinit
 .text          0x0000000000109791       0x29 binaries/rflputc.o
                0x0000000000109791                rflputc
 .text          0x00000000001097ba      0x2ba binaries/rflread.o
                0x00000000001097ba                rflread
 .text          0x0000000000109a74       0x68 binaries/rflseek.o
                0x0000000000109a74                rflseek
 .text          0x0000000000109adc      0x2fa binaries/rflwrite.o
                0x0000000000109adc                rflwrite
 .text          0x0000000000109dd6      0x17c binaries/rfscomm.o
                0x0000000000109dd6                rfscomm
 .text          0x0000000000109f52      0x22b binaries/rfscontrol.o
                0x0000000000109f52                rfscontrol
 .text          0x000000000010a17d       0x82 binaries/rfsgetmode.o
                0x000000000010a17d                rfsgetmode
 .text          0x000000000010a1ff       0x7e binaries/rfsinit.o
                0x000000000010a1ff                rfsinit
 .text          0x000000000010a27d       0xad binaries/rfsndmsg.o
                0x000000000010a27d                rfsndmsg
 .text          0x000000000010a32a      0x243 binaries/rfsopen.o
                0x000000000010a32a                rfsopen
 .text          0x000000000010a56d      0x626 binaries/arp.o
                0x000000000010a56d                arp_init
                0x000000000010a589                arp_alloc
                0x000000000010a630                arp_ntoh
                0x000000000010a69d                arp_hton
                0x000000000010a70a                arp_resolve
                0x000000000010a95b                arp_in
 .text          0x000000000010ab93      0x5e3 binaries/dhcp.o
                0x000000000010ab93                dhcp_get_opt_val
                0x000000000010abe7                dhcp_bld_bootp_msg
                0x000000000010acb9                dhcp_bld_disc
                0x000000000010ad0b                dhcp_bld_req
                0x000000000010ada6                getlocalip
 .text          0x000000000010b176       0xdf binaries/dot2ip.o
                0x000000000010b176                dot2ip
 .text          0x000000000010b255      0x38c binaries/hexdump.o
                0x000000000010b255                hexdump
                0x000000000010b3af                hexadump
 .text          0x000000000010b5e1      0x6eb binaries/icmp.o
                0x000000000010b5e1                icmp_init
                0x000000000010b5fd                icmp_register
                0x000000000010b6bb                icmp_recv
                0x000000000010b85e                icmp_mkpkt
                0x000000000010b92b                icmp_in
                0x000000000010bac3                icmp_send
                0x000000000010bb32                icmp_release
                0x000000000010bc44                icmp_cksum
                0x000000000010bc9e                icmp_hton
                0x000000000010bcb5                icmp_ntoh
 .text          0x000000000010bccc      0x5dc binaries/ip.o
                0x000000000010bccc                ip_local
                0x000000000010bd0c                ipcksum
                0x000000000010bd5c                ip_ntoh
                0x000000000010bdc9                ip_in
                0x000000000010beee                ip_hton
                0x000000000010bf5b                ip_out
                0x000000000010c011                ip_send
                0x000000000010c11d                ipout
                0x000000000010c210                ip_enqueue
 .text          0x000000000010c2a8      0x1b2 binaries/net.o
                0x000000000010c2a8                net_init
                0x000000000010c39f                eth_hton
                0x000000000010c3ac                eth_ntoh
                0x000000000010c3b9                netin
 .text          0x000000000010c45a       0xb9 binaries/netstart.o
                0x000000000010c45a                netstart
 .text          0x000000000010c513      0xa30 binaries/pdump.o
                0x000000000010c513                pdump
                0x000000000010caf8                pdumph
 .text          0x000000000010cf43      0x5c4 binaries/tftp.o
                0x000000000010cf43                tftp_send1
                0x000000000010d057                tftpget_mb
                0x000000000010d4e4                tftpget
 .text          0x000000000010d507      0xa10 binaries/udp.o
                0x000000000010d507                udp_init
                0x000000000010d548                udp_in
                0x000000000010d671                udp_register
                0x000000000010d782                udp_recv
                0x000000000010d91c                udp_recvaddr
                0x000000000010daca                udp_send
                0x000000000010dc78                udp_sendto
                0x000000000010dde1                udp_release
                0x000000000010dee9                udp_ntoh
                0x000000000010df00                udp_hton
 .text          0x000000000010df17      0x11f binaries/addargs.o
                0x000000000010df17                addargs
 .text          0x000000000010e036       0x42 binaries/lab1cmd.o
                0x000000000010e036                xsh_myname
 .text          0x000000000010e078      0x1db binaries/lexan.o
                0x000000000010e078                lexan
 .text          0x000000000010e253      0x646 binaries/shell.o
                0x000000000010e253                shell
 .text          0x000000000010e899       0x59 binaries/xsh_argecho.o
                0x000000000010e899                xsh_argecho
 .text          0x000000000010e8f2      0x1fb binaries/xsh_arp.o
                0x000000000010e8f2                xsh_arp
 .text          0x000000000010eaed      0x214 binaries/xsh_cat.o
                0x000000000010eaed                xsh_cat
 .text          0x000000000010ed01       0x58 binaries/xsh_clear.o
                0x000000000010ed01                xsh_clear
 .text          0x000000000010ed59      0x28d binaries/xsh_date.o
                0x000000000010ed59                xsh_date
 .text          0x000000000010efe6       0x89 binaries/xsh_devdump.o
                0x000000000010efe6                xsh_devdump
 .text          0x000000000010f06f       0x63 binaries/xsh_echo.o
                0x000000000010f06f                xsh_echo
 .text          0x000000000010f0d2        0xa binaries/xsh_exit.o
                0x000000000010f0d2                xsh_exit
 .text          0x000000000010f0dc      0x331 binaries/xsh_help.o
                0x000000000010f0dc                xsh_help
 .text          0x000000000010f40d      0x38b binaries/xsh_ipaddr.o
                0x000000000010f40d                xsh_ipaddr
 .text          0x000000000010f798      0x1de binaries/xsh_kill.o
                0x000000000010f798                xsh_kill
 .text          0x000000000010f976      0x3f6 binaries/xsh_memdump.o
                0x000000000010fa3c                xsh_memdump
 .text          0x000000000010fd6c      0x1de binaries/xsh_memstat.o
                0x000000000010fd6c                xsh_memstat
 .text          0x000000000010ff4a      0x2c7 binaries/xsh_ping.o
                0x000000000010ff4a                xsh_ping
 .text          0x0000000000110211      0x1ae binaries/xsh_ps.o
                0x0000000000110211                xsh_ps
 .text          0x00000000001103bf      0x1d3 binaries/xsh_sleep.o
                0x00000000001103bf                xsh_sleep
 .text          0x0000000000110592      0x1d6 binaries/xsh_udpdump.o
                0x0000000000110592                xsh_udpdump
 .text          0x0000000000110768      0x40a binaries/xsh_udpecho.o
                0x0000000000110768                xsh_udpecho
 .text          0x0000000000110b72      0x232 binaries/xsh_udpeserver.o
                0x0000000000110b72                xsh_udpeserver
 .text          0x0000000000110da4      0x1c2 binaries/xsh_uptime.o
                0x0000000000110da4                xsh_uptime
 .text          0x0000000000110f66        0xe binaries/clkdisp.o
                0x0000000000110f66                clkdisp
 .text          0x0000000000110f74       0x19 binaries/ctxsw.o
                0x0000000000110f74                ctxsw
 .text          0x0000000000110f8d       0x42 binaries/host2netca.o
                0x0000000000110f8d                host2netca
 .text          0x0000000000110fcf        0xc binaries/host2net.o
                0x0000000000110fcf                host2net
 .text          0x0000000000110fdb      0x368 binaries/intr.o
                0x0000000000110fdb                disable
                0x0000000000110fe4                restore
                0x0000000000110ff2                enable
                0x0000000000110ff4                pause
                0x0000000000110ffb                halt
                0x0000000000110ffe                spurious_irq7
                0x0000000000111003                spurious_irq15
                0x0000000000111012                _Xint0
                0x000000000011101d                _Xint1
                0x0000000000111028                _Xint2
                0x0000000000111033                _Xint3
                0x000000000011103e                _Xint4
                0x0000000000111049                _Xint5
                0x0000000000111054                _Xint6
                0x000000000011105f                _Xint7
                0x000000000011106a                _Xint8
                0x0000000000111075                _Xint9
                0x0000000000111080                _Xint10
                0x000000000011108b                _Xint11
                0x0000000000111099                _Xint12
                0x00000000001110a7                _Xint13
                0x00000000001110b5                _Xint14
                0x00000000001110c3                _Xint15
                0x00000000001110d1                _Xint16
                0x00000000001110df                _Xint17
                0x00000000001110ed                _Xint18
                0x00000000001110fb                _Xint19
                0x0000000000111109                _Xint20
                0x0000000000111117                _Xint21
                0x0000000000111125                _Xint22
                0x0000000000111133                _Xint23
                0x0000000000111141                _Xint24
                0x000000000011114f                _Xint25
                0x000000000011115d                _Xint26
                0x000000000011116b                _Xint27
                0x0000000000111179                _Xint28
                0x0000000000111187                _Xint29
                0x0000000000111195                _Xint30
                0x00000000001111a3                _Xint31
                0x00000000001111b1                _Xint32
                0x00000000001111bf                _Xint33
                0x00000000001111cd                _Xint34
                0x00000000001111db                _Xint35
                0x00000000001111e9                _Xint36
                0x00000000001111f7                _Xint37
                0x0000000000111205                _Xint38
                0x0000000000111213                _Xint39
                0x0000000000111221                _Xint40
                0x000000000011122f                _Xint41
                0x000000000011123d                _Xint42
                0x000000000011124b                _Xint43
                0x0000000000111259                _Xint44
                0x0000000000111267                _Xint45
                0x0000000000111275                _Xint46
                0x0000000000111283                defevec
 .text          0x0000000000111343        0xf binaries/ttydispatch.o
                0x0000000000111343                ttydispatch
 .text          0x0000000000111352       0x13 binaries/ethdispatch.o
                0x0000000000111352                ethdispatch
 *(.rodata .rodata.*)
 *fill*         0x0000000000111365        0x3 
 .rodata.str1.4
                0x0000000000111368       0xe6 binaries/appl1.o
 .rodata.str1.1
                0x000000000011144e       0x54 binaries/ascdate.o
 *fill*         0x00000000001114a2        0x2 
 .rodata.str1.4
                0x00000000001114a4       0x22 binaries/ascdate.o
 .rodata.str1.1
                0x00000000001114c6       0x5f binaries/conf.o
 *fill*         0x0000000000111525        0x3 
 .rodata.str1.4
                0x0000000000111528       0x4f binaries/early_imr.o
 *fill*         0x0000000000111577        0x1 
 .rodata        0x0000000000111578       0x33 binaries/early_imr.o
 .rodata.str1.1
                0x00000000001115ab      0x20c binaries/evec.o
 *fill*         0x00000000001117b7        0x1 
 .rodata.str1.4
                0x00000000001117b8       0x23 binaries/evec.o
 *fill*         0x00000000001117db        0x1 
 .rodata.str1.4
                0x00000000001117dc       0x3a binaries/fun1.o
                                         0xaa (size before relaxing)
 .rodata.str1.1
                0x0000000000111816        0xb binaries/getutime.o
 *fill*         0x0000000000111821        0x3 
 .rodata.str1.4
                0x0000000000111824       0x54 binaries/getutime.o
 .rodata.str1.1
                0x0000000000111878       0x34 binaries/initialize.o
                                         0x38 (size before relaxing)
 .rodata.str1.4
                0x00000000001118ac       0x94 binaries/initialize.o
 .rodata        0x0000000000111940       0x20 binaries/kill.o
 .rodata.str1.4
                0x0000000000111960       0x21 binaries/main.o
                                         0x92 (size before relaxing)
 .rodata.str1.1
                0x0000000000111981       0x16 binaries/main.o
 *fill*         0x0000000000111997        0x1 
 .rodata.str1.4
                0x0000000000111998       0x23 binaries/meminit.o
 .rodata.str1.1
                0x00000000001119bb       0x1b binaries/meminit.o
 .rodata.str1.1
                0x00000000001119d6        0xf binaries/panic.o
 .rodata.str1.1
                0x00000000001119e5       0x13 binaries/part4print.o
 .rodata.str1.4
                0x00000000001119f8       0x97 binaries/prnsegadd.o
 .rodata.str1.1
                0x0000000000111a8f       0x65 binaries/prnsegadd.o
 .rodata.str1.1
                0x0000000000111af4       0x1c binaries/ptinit.o
 .rodata.str1.4
                0x0000000000111b10       0x25 binaries/ptsend.o
 .rodata.str1.1
                0x0000000000111b35       0x22 binaries/quark_pdat.o
 *fill*         0x0000000000111b57        0x1 
 .rodata.str1.4
                0x0000000000111b58       0x27 binaries/xdone.o
 *fill*         0x0000000000111b7f        0x1 
 .rodata        0x0000000000111b80       0x81 binaries/ctype_.o
                0x0000000000111b80                _ctype_
 .rodata.str1.1
                0x0000000000111c01       0x29 binaries/doprnt.o
 *fill*         0x0000000000111c2a        0x2 
 .rodata        0x0000000000111c2c       0xc4 binaries/doprnt.o
 .rodata        0x0000000000111cf0       0x98 binaries/doscan.o
 .rodata.str1.1
                0x0000000000111d88       0x29 binaries/fdoprnt.o
 .rodata        0x0000000000111d88       0x84 binaries/fdoprnt.o
 .rodata        0x0000000000111e0c       0x20 binaries/ttycontrol.o
 .rodata.str1.4
                0x0000000000111e2c       0x4c binaries/naminit.o
 .rodata.str1.1
                0x0000000000111e78       0x32 binaries/naminit.o
                                         0x35 (size before relaxing)
 .rodata.str1.1
                0x0000000000111eaa       0x15 binaries/ethinit.o
 *fill*         0x0000000000111ebf        0x1 
 .rodata.str1.4
                0x0000000000111ec0       0x2e binaries/ethinit.o
 *fill*         0x0000000000111eee        0x2 
 .rodata.str1.4
                0x0000000000111ef0       0x2c binaries/rdsbufalloc.o
 .rodata.str1.4
                0x0000000000111f1c       0x76 binaries/rdscomm.o
 *fill*         0x0000000000111f92        0x2 
 .rodata.str1.4
                0x0000000000111f94       0x48 binaries/rdscontrol.o
 .rodata.str1.4
                0x0000000000111fdc       0x7e binaries/rdsinit.o
 .rodata.str1.1
                0x000000000011205a       0x18 binaries/rdsinit.o
 *fill*         0x0000000000112072        0x2 
 .rodata.str1.4
                0x0000000000112074       0x22 binaries/rdsopen.o
 *fill*         0x0000000000112096        0x2 
 .rodata.str1.4
                0x0000000000112098       0x4d binaries/rdsprocess.o
 .rodata.str1.1
                0x00000000001120e5        0x9 binaries/raminit.o
 .rodata.str1.1
                0x00000000001120ee       0x13 binaries/lfdballoc.o
 *fill*         0x0000000000112101        0x3 
 .rodata.str1.4
                0x0000000000112104       0x23 binaries/lfdballoc.o
 .rodata.str1.1
                0x0000000000112127       0x14 binaries/lfiballoc.o
 *fill*         0x000000000011213b        0x1 
 .rodata.str1.4
                0x000000000011213c       0x23 binaries/lflcontrol.o
 .rodata.str1.1
                0x000000000011215f       0x64 binaries/lfsckfmt.o
 *fill*         0x00000000001121c3        0x1 
 .rodata.str1.4
                0x00000000001121c4       0x51 binaries/lfsckfmt.o
 *fill*         0x0000000000112215        0x3 
 .rodata.str1.4
                0x0000000000112218       0x21 binaries/rflread.o
 .rodata.str1.4
                0x0000000000112239       0x21 binaries/rflwrite.o
 *fill*         0x0000000000112239        0x3 
 .rodata.str1.4
                0x000000000011223c       0x75 binaries/rfscomm.o
 *fill*         0x00000000001122b1        0x3 
 .rodata.str1.4
                0x00000000001122b4       0x23 binaries/rfscontrol.o
 *fill*         0x00000000001122d7        0x1 
 .rodata        0x00000000001122d8       0x18 binaries/rfscontrol.o
 .rodata.str1.1
                0x00000000001122f0       0x10 binaries/rfsinit.o
 .rodata.str1.4
                0x00000000001122f0       0x57 binaries/rfsinit.o
 *fill*         0x0000000000112347        0x1 
 .rodata.str1.4
                0x0000000000112348       0x2a binaries/rfsndmsg.o
 .rodata.str1.4
                0x0000000000112372       0x22 binaries/rfsopen.o
 .rodata.str1.1
                0x0000000000112372       0x19 binaries/arp.o
 *fill*         0x000000000011238b        0x1 
 .rodata.str1.4
                0x000000000011238c       0x21 binaries/arp.o
 *fill*         0x00000000001123ad        0x3 
 .rodata.str1.4
                0x00000000001123b0       0xa6 binaries/dhcp.o
 .rodata.str1.1
                0x0000000000112456       0x4a binaries/dhcp.o
 .rodata.str1.1
                0x00000000001124a0       0x5a binaries/hexdump.o
                                         0x61 (size before relaxing)
 *fill*         0x00000000001124fa        0x2 
 .rodata.str1.4
                0x00000000001124fc       0x67 binaries/hexdump.o
 *fill*         0x0000000000112563        0x1 
 .rodata.str1.4
                0x0000000000112564       0x29 binaries/icmp.o
 .rodata.str1.1
                0x000000000011258d       0x4e binaries/ip.o
 *fill*         0x00000000001125db        0x1 
 .rodata.str1.4
                0x00000000001125dc       0x20 binaries/ip.o
 .rodata.str1.4
                0x00000000001125fc       0x28 binaries/net.o
 .rodata.str1.1
                0x0000000000112624       0x27 binaries/net.o
 *fill*         0x000000000011264b        0x1 
 .rodata.str1.4
                0x000000000011264c       0xcf binaries/netstart.o
 .rodata.str1.1
                0x000000000011271b      0x141 binaries/pdump.o
                                        0x14b (size before relaxing)
 .rodata.str1.4
                0x000000000011285c      0x126 binaries/pdump.o
 *fill*         0x0000000000112982        0x2 
 .rodata.str1.4
                0x0000000000112984      0x148 binaries/tftp.o
 .rodata.str1.1
                0x0000000000112acc        0x6 binaries/tftp.o
                                          0xa (size before relaxing)
 .rodata.str1.1
                0x0000000000112ad2       0x2b binaries/lab1cmd.o
                                         0x2d (size before relaxing)
 .rodata.str1.1
                0x0000000000112afd       0xf2 binaries/shell.o
                                        0x10e (size before relaxing)
 *fill*         0x0000000000112bef        0x1 
 .rodata.str1.4
                0x0000000000112bf0      0x218 binaries/shell.o
 *fill*         0x0000000000112e08       0x18 
 .rodata        0x0000000000112e20      0x108 binaries/shell.o
                0x0000000000112e20                cmdtab
 .rodata.str1.1
                0x0000000000112f28       0x26 binaries/xsh_argecho.o
                                         0x28 (size before relaxing)
 .rodata.str1.1
                0x0000000000112f4e       0x70 binaries/xsh_arp.o
                                         0x72 (size before relaxing)
 *fill*         0x0000000000112fbe        0x2 
 .rodata.str1.4
                0x0000000000112fc0       0xb4 binaries/xsh_arp.o
 .rodata.str1.1
                0x0000000000113074       0x2d binaries/xsh_cat.o
                                         0x4f (size before relaxing)
 *fill*         0x00000000001130a1        0x3 
 .rodata.str1.4
                0x00000000001130a4       0x52 binaries/xsh_cat.o
                                         0x79 (size before relaxing)
 .rodata.str1.1
                0x00000000001130f6       0x15 binaries/xsh_clear.o
 .rodata.str1.1
                0x000000000011310b       0x46 binaries/xsh_date.o
                                         0x5f (size before relaxing)
 *fill*         0x0000000000113151        0x3 
 .rodata.str1.4
                0x0000000000113154      0x163 binaries/xsh_date.o
 .rodata.str1.1
                0x00000000001132b7       0x5d binaries/xsh_devdump.o
 .rodata.str1.1
                0x0000000000113314        0x4 binaries/xsh_echo.o
                                          0x9 (size before relaxing)
 .rodata.str1.1
                0x0000000000113318       0x65 binaries/xsh_help.o
                                         0xa3 (size before relaxing)
 *fill*         0x000000000011337d        0x3 
 .rodata.str1.4
                0x0000000000113380       0x7c binaries/xsh_help.o
                                         0xc6 (size before relaxing)
 .rodata.str1.1
                0x00000000001133fc       0x9c binaries/xsh_ipaddr.o
                                         0xf8 (size before relaxing)
 .rodata.str1.4
                0x0000000000113498       0x4d binaries/xsh_ipaddr.o
                                         0x99 (size before relaxing)
 .rodata.str1.1
                0x00000000001134e5       0x78 binaries/xsh_kill.o
                                         0x97 (size before relaxing)
 *fill*         0x000000000011355d        0x3 
 .rodata.str1.4
                0x0000000000113560       0x4a binaries/xsh_kill.o
                                         0x96 (size before relaxing)
 .rodata.str1.1
                0x00000000001135aa       0x84 binaries/xsh_memdump.o
                                         0xa8 (size before relaxing)
 *fill*         0x000000000011362e        0x2 
 .rodata.str1.4
                0x0000000000113630      0x15a binaries/xsh_memdump.o
                                        0x1aa (size before relaxing)
 .rodata.str1.1
                0x000000000011378a       0x40 binaries/xsh_memstat.o
                                         0x79 (size before relaxing)
 *fill*         0x00000000001137ca        0x2 
 .rodata.str1.4
                0x00000000001137cc      0x187 binaries/xsh_memstat.o
                                        0x1af (size before relaxing)
 .rodata.str1.1
                0x0000000000113953       0x90 binaries/xsh_ping.o
                                         0xaf (size before relaxing)
 *fill*         0x00000000001139e3        0x1 
 .rodata.str1.4
                0x00000000001139e4       0x77 binaries/xsh_ping.o
                                         0xc6 (size before relaxing)
 .rodata.str1.1
                0x0000000000113a5b       0x74 binaries/xsh_ps.o
                                         0xd5 (size before relaxing)
 *fill*         0x0000000000113acf        0x1 
 .rodata.str1.4
                0x0000000000113ad0       0x80 binaries/xsh_ps.o
                                         0xd0 (size before relaxing)
 *fill*         0x0000000000113b50       0x10 
 .rodata        0x0000000000113b60       0x20 binaries/xsh_ps.o
 .rodata.str1.1
                0x0000000000113b80       0x31 binaries/xsh_sleep.o
                                         0x72 (size before relaxing)
 *fill*         0x0000000000113bb1        0x3 
 .rodata.str1.4
                0x0000000000113bb4       0x2a binaries/xsh_sleep.o
                                         0x7a (size before relaxing)
 .rodata.str1.1
                0x0000000000113bde       0x6b binaries/xsh_udpdump.o
                                         0xd2 (size before relaxing)
 *fill*         0x0000000000113c49        0x3 
 .rodata.str1.4
                0x0000000000113c4c       0x94 binaries/xsh_udpdump.o
                                         0xe4 (size before relaxing)
 .rodata.str1.1
                0x0000000000113ce0       0xdb binaries/xsh_udpecho.o
                                         0xfa (size before relaxing)
 *fill*         0x0000000000113dbb        0x1 
 .rodata.str1.4
                0x0000000000113dbc       0xc7 binaries/xsh_udpecho.o
                                        0x116 (size before relaxing)
 .rodata.str1.1
                0x0000000000113e83       0x66 binaries/xsh_udpeserver.o
                                         0x8f (size before relaxing)
 *fill*         0x0000000000113ee9        0x3 
 .rodata.str1.4
                0x0000000000113eec       0x29 binaries/xsh_udpeserver.o
                                         0x9f (size before relaxing)
 .rodata.str1.1
                0x0000000000113f15       0x49 binaries/xsh_uptime.o
                                         0x8c (size before relaxing)
 *fill*         0x0000000000113f5e        0x2 
 .rodata.str1.4
                0x0000000000113f60       0x28 binaries/xsh_uptime.o
                                         0x76 (size before relaxing)
                0x0000000000113f88                etext = ABSOLUTE (.)
                0x0000000000114000                . = ALIGN (0x1000)
 *fill*         0x0000000000113f88       0x78 

.eh_frame       0x0000000000114000     0x30d0
 .eh_frame      0x0000000000114000       0x44 binaries/appl1.o
 .eh_frame      0x0000000000114044       0x30 binaries/ascdate.o
                                         0x48 (size before relaxing)
 .eh_frame      0x0000000000114074       0x20 binaries/bufinit.o
                                         0x38 (size before relaxing)
 .eh_frame      0x0000000000114094       0x2c binaries/chprio.o
                                         0x44 (size before relaxing)
 .eh_frame      0x00000000001140c0       0x20 binaries/clkhandler.o
                                         0x38 (size before relaxing)
 .eh_frame      0x00000000001140e0       0x20 binaries/clkinit.o
                                         0x38 (size before relaxing)
 .eh_frame      0x0000000000114100       0x28 binaries/close.o
                                         0x40 (size before relaxing)
 .eh_frame      0x0000000000114128       0x28 binaries/control.o
                                         0x40 (size before relaxing)
 .eh_frame      0x0000000000114150       0x30 binaries/create.o
                                         0x48 (size before relaxing)
 .eh_frame      0x0000000000114180       0x94 binaries/early_imr.o
                                         0xac (size before relaxing)
 .eh_frame      0x0000000000114214       0x94 binaries/evec.o
                                         0xac (size before relaxing)
 .eh_frame      0x00000000001142a8       0x2c binaries/freebuf.o
                                         0x44 (size before relaxing)
 .eh_frame      0x00000000001142d4       0x2c binaries/freemem.o
                                         0x44 (size before relaxing)
 .eh_frame      0x0000000000114300       0x28 binaries/fun1.o
                                         0x40 (size before relaxing)
 .eh_frame      0x0000000000114328       0x2c binaries/getbuf.o
                                         0x44 (size before relaxing)
 .eh_frame      0x0000000000114354       0x28 binaries/getc.o
                                         0x40 (size before relaxing)
 .eh_frame      0x000000000011437c       0x2c binaries/getdev.o
                                         0x44 (size before relaxing)
 .eh_frame      0x00000000001143a8       0x64 binaries/getitem.o
                                         0x7c (size before relaxing)
 .eh_frame      0x000000000011440c       0x28 binaries/getmem.o
                                         0x40 (size before relaxing)
 .eh_frame      0x0000000000114434       0x20 binaries/getpid.o
                                         0x38 (size before relaxing)
 .eh_frame      0x0000000000114454       0x24 binaries/getprio.o
                                         0x3c (size before relaxing)
 .eh_frame      0x0000000000114478       0x2c binaries/getstk.o
                                         0x44 (size before relaxing)
 .eh_frame      0x00000000001144a4       0x20 binaries/gettime.o
                                         0x38 (size before relaxing)
 .eh_frame      0x00000000001144c4       0x24 binaries/getutime.o
                                         0x3c (size before relaxing)
 .eh_frame      0x00000000001144e8       0x30 binaries/gocreate.o
                                         0x48 (size before relaxing)
 .eh_frame      0x0000000000114518       0x20 binaries/host2neta.o
                                         0x38 (size before relaxing)
 .eh_frame      0x0000000000114538       0x28 binaries/init.o
                                         0x40 (size before relaxing)
 .eh_frame      0x0000000000114560       0x5c binaries/initialize.o
                                         0x74 (size before relaxing)
 .eh_frame      0x00000000001145bc       0x28 binaries/insert.o
                                         0x40 (size before relaxing)
 .eh_frame      0x00000000001145e4       0x2c binaries/insertd.o
                                         0x44 (size before relaxing)
 .eh_frame      0x0000000000114610       0x20 binaries/ioerr.o
                                         0x38 (size before relaxing)
 .eh_frame      0x0000000000114630       0x20 binaries/ionull.o
                                         0x38 (size before relaxing)
 .eh_frame      0x0000000000114650       0x30 binaries/kill.o
                                         0x48 (size before relaxing)
 .eh_frame      0x0000000000114680       0x80 binaries/kprintf.o
                                         0x98 (size before relaxing)
 .eh_frame      0x0000000000114700       0x3c binaries/main.o
                                         0x54 (size before relaxing)
 .eh_frame      0x000000000011473c       0x44 binaries/mark.o
                                         0x5c (size before relaxing)
 .eh_frame      0x0000000000114780       0x50 binaries/meminit.o
                                         0x68 (size before relaxing)
 .eh_frame      0x00000000001147d0       0x30 binaries/mkbufpool.o
                                         0x48 (size before relaxing)
 .eh_frame      0x0000000000114800       0x20 binaries/newqueue.o
                                         0x38 (size before relaxing)
 .eh_frame      0x0000000000114820       0x1c binaries/onandon.o
                                         0x34 (size before relaxing)
 .eh_frame      0x000000000011483c       0x28 binaries/open.o
                                         0x40 (size before relaxing)
 .eh_frame      0x0000000000114864       0x1c binaries/panic.o
                                         0x34 (size before relaxing)
 .eh_frame      0x0000000000114880       0x20 binaries/part4print.o
                                         0x38 (size before relaxing)
 .eh_frame      0x00000000001148a0      0x12c binaries/pci.o
                                        0x144 (size before relaxing)
 .eh_frame      0x00000000001149cc       0x20 binaries/platinit.o
                                         0x38 (size before relaxing)
 .eh_frame      0x00000000001149ec       0x20 binaries/prnsegadd.o
                                         0x38 (size before relaxing)
 .eh_frame      0x0000000000114a0c       0x2c binaries/ptclear.o
                                         0x44 (size before relaxing)
 .eh_frame      0x0000000000114a38       0x2c binaries/ptcount.o
                                         0x44 (size before relaxing)
 .eh_frame      0x0000000000114a64       0x2c binaries/ptcreate.o
                                         0x44 (size before relaxing)
 .eh_frame      0x0000000000114a90       0x28 binaries/ptdelete.o
                                         0x40 (size before relaxing)
 .eh_frame      0x0000000000114ab8       0x28 binaries/ptinit.o
                                         0x40 (size before relaxing)
 .eh_frame      0x0000000000114ae0       0x2c binaries/ptrecv.o
                                         0x44 (size before relaxing)
 .eh_frame      0x0000000000114b0c       0x28 binaries/ptreset.o
                                         0x40 (size before relaxing)
 .eh_frame      0x0000000000114b34       0x30 binaries/ptsend.o
                                         0x48 (size before relaxing)
 .eh_frame      0x0000000000114b64       0x2c binaries/putc.o
                                         0x44 (size before relaxing)
 .eh_frame      0x0000000000114b90       0x24 binaries/quark_irq.o
                                         0x3c (size before relaxing)
 .eh_frame      0x0000000000114bb4       0x54 binaries/quark_pdat.o
                                         0x6c (size before relaxing)
 .eh_frame      0x0000000000114c08       0x44 binaries/queue.o
                                         0x5c (size before relaxing)
 .eh_frame      0x0000000000114c4c       0x28 binaries/read.o
                                         0x40 (size before relaxing)
 .eh_frame      0x0000000000114c74       0x20 binaries/ready.o
                                         0x38 (size before relaxing)
 .eh_frame      0x0000000000114c94       0x2c binaries/receive.o
                                         0x44 (size before relaxing)
 .eh_frame      0x0000000000114cc0       0x24 binaries/recvclr.o
                                         0x3c (size before relaxing)
 .eh_frame      0x0000000000114ce4       0x2c binaries/recvtime.o
                                         0x44 (size before relaxing)
 .eh_frame      0x0000000000114d10       0x48 binaries/resched.o
                                         0x60 (size before relaxing)
 .eh_frame      0x0000000000114d58       0x2c binaries/resume.o
                                         0x44 (size before relaxing)
 .eh_frame      0x0000000000114d84       0x28 binaries/seek.o
                                         0x40 (size before relaxing)
 .eh_frame      0x0000000000114dac       0x24 binaries/semcount.o
                                         0x3c (size before relaxing)
 .eh_frame      0x0000000000114dd0       0x2c binaries/semcreate.o
                                         0x44 (size before relaxing)
 .eh_frame      0x0000000000114dfc       0x2c binaries/semdelete.o
                                         0x44 (size before relaxing)
 .eh_frame      0x0000000000114e28       0x2c binaries/semreset.o
                                         0x44 (size before relaxing)
 .eh_frame      0x0000000000114e54       0x28 binaries/send.o
                                         0x40 (size before relaxing)
 .eh_frame      0x0000000000114e7c       0x28 binaries/signal.o
                                         0x40 (size before relaxing)
 .eh_frame      0x0000000000114ea4       0x2c binaries/signaln.o
                                         0x44 (size before relaxing)
 .eh_frame      0x0000000000114ed0       0x48 binaries/sleep.o
                                         0x60 (size before relaxing)
 .eh_frame      0x0000000000114f18       0x20 binaries/stackoverflowA.o
                                         0x38 (size before relaxing)
 .eh_frame      0x0000000000114f38       0x1c binaries/stackoverflowB.o
                                         0x34 (size before relaxing)
 .eh_frame      0x0000000000114f54       0x28 binaries/suspend.o
                                         0x40 (size before relaxing)
 .eh_frame      0x0000000000114f7c       0x28 binaries/unsleep.o
                                         0x40 (size before relaxing)
 .eh_frame      0x0000000000114fa4       0x20 binaries/userret.o
                                         0x38 (size before relaxing)
 .eh_frame      0x0000000000114fc4       0x28 binaries/wait.o
                                         0x40 (size before relaxing)
 .eh_frame      0x0000000000114fec       0x20 binaries/wakeup.o
                                         0x38 (size before relaxing)
 .eh_frame      0x000000000011500c       0x28 binaries/write.o
                                         0x40 (size before relaxing)
 .eh_frame      0x0000000000115034       0x20 binaries/xdone.o
                                         0x38 (size before relaxing)
 .eh_frame      0x0000000000115054       0x24 binaries/yield.o
                                         0x3c (size before relaxing)
 .eh_frame      0x0000000000115078       0x20 binaries/abs.o
                                         0x38 (size before relaxing)
 .eh_frame      0x0000000000115098       0x28 binaries/atoi.o
                                         0x40 (size before relaxing)
 .eh_frame      0x00000000001150c0       0x28 binaries/atol.o
                                         0x40 (size before relaxing)
 .eh_frame      0x00000000001150e8       0x20 binaries/bzero.o
                                         0x38 (size before relaxing)
 .eh_frame      0x0000000000115108       0xac binaries/doprnt.o
                                         0xc4 (size before relaxing)
 .eh_frame      0x00000000001151b4       0x30 binaries/doscan.o
                                         0x48 (size before relaxing)
 .eh_frame      0x00000000001151e4       0x5c binaries/fdoprnt.o
                                         0x74 (size before relaxing)
 .eh_frame      0x0000000000115240       0x20 binaries/fgetc.o
                                         0x38 (size before relaxing)
 .eh_frame      0x0000000000115260       0x2c binaries/fgets.o
                                         0x44 (size before relaxing)
 .eh_frame      0x000000000011528c       0x20 binaries/fprintf.o
                                         0x38 (size before relaxing)
 .eh_frame      0x00000000001152ac       0x20 binaries/fputc.o
                                         0x38 (size before relaxing)
 .eh_frame      0x00000000001152cc       0x28 binaries/fputs.o
                                         0x40 (size before relaxing)
 .eh_frame      0x00000000001152f4       0x64 binaries/fscanf.o
                                         0x7c (size before relaxing)
 .eh_frame      0x0000000000115358       0x20 binaries/getchar.o
                                         0x38 (size before relaxing)
 .eh_frame      0x0000000000115378       0x20 binaries/labs.o
                                         0x38 (size before relaxing)
 .eh_frame      0x0000000000115398       0x20 binaries/memchr.o
                                         0x38 (size before relaxing)
 .eh_frame      0x00000000001153b8       0x28 binaries/memcmp.o
                                         0x40 (size before relaxing)
 .eh_frame      0x00000000001153e0       0x28 binaries/memcpy.o
                                         0x40 (size before relaxing)
 .eh_frame      0x0000000000115408       0x24 binaries/memset.o
                                         0x3c (size before relaxing)
 .eh_frame      0x000000000011542c       0x20 binaries/printf.o
                                         0x38 (size before relaxing)
 .eh_frame      0x000000000011544c       0x20 binaries/putchar.o
                                         0x38 (size before relaxing)
 .eh_frame      0x000000000011546c       0xa4 binaries/qsort.o
                                         0xbc (size before relaxing)
 .eh_frame      0x0000000000115510       0x40 binaries/rand.o
                                         0x58 (size before relaxing)
 .eh_frame      0x0000000000115550       0x48 binaries/sprintf.o
                                         0x60 (size before relaxing)
 .eh_frame      0x0000000000115598       0x60 binaries/sscanf.o
                                         0x78 (size before relaxing)
 .eh_frame      0x00000000001155f8       0x24 binaries/strchr.o
                                         0x3c (size before relaxing)
 .eh_frame      0x000000000011561c       0x24 binaries/strcmp.o
                                         0x3c (size before relaxing)
 .eh_frame      0x0000000000115640       0x20 binaries/strcpy.o
                                         0x38 (size before relaxing)
 .eh_frame      0x0000000000115660       0x20 binaries/strlen.o
                                         0x38 (size before relaxing)
 .eh_frame      0x0000000000115680       0x2c binaries/strncat.o
                                         0x44 (size before relaxing)
 .eh_frame      0x00000000001156ac       0x24 binaries/strncmp.o
                                         0x3c (size before relaxing)
 .eh_frame      0x00000000001156d0       0x2c binaries/strncpy.o
                                         0x44 (size before relaxing)
 .eh_frame      0x00000000001156fc       0x24 binaries/strnlen.o
                                         0x3c (size before relaxing)
 .eh_frame      0x0000000000115720       0x24 binaries/strrchr.o
                                         0x3c (size before relaxing)
 .eh_frame      0x0000000000115744       0x2c binaries/strstr.o
                                         0x44 (size before relaxing)
 .eh_frame      0x0000000000115770       0x30 binaries/ttycontrol.o
                                         0x48 (size before relaxing)
 .eh_frame      0x00000000001157a0       0x2c binaries/ttygetc.o
                                         0x44 (size before relaxing)
 .eh_frame      0x00000000001157cc       0x84 binaries/ttyhandle_in.o
                                         0x9c (size before relaxing)
 .eh_frame      0x0000000000115850       0x30 binaries/ttyhandle_out.o
                                         0x48 (size before relaxing)
 .eh_frame      0x0000000000115880       0x28 binaries/ttyhandler.o
                                         0x40 (size before relaxing)
 .eh_frame      0x00000000001158a8       0x30 binaries/ttyinit.o
                                         0x48 (size before relaxing)
 .eh_frame      0x00000000001158d8       0x20 binaries/ttykickout.o
                                         0x38 (size before relaxing)
 .eh_frame      0x00000000001158f8       0x2c binaries/ttyputc.o
                                         0x44 (size before relaxing)
 .eh_frame      0x0000000000115924       0x2c binaries/ttyread.o
                                         0x44 (size before relaxing)
 .eh_frame      0x0000000000115950       0x2c binaries/ttywrite.o
                                         0x44 (size before relaxing)
 .eh_frame      0x000000000011597c       0x4c binaries/mount.o
                                         0x64 (size before relaxing)
 .eh_frame      0x00000000001159c8       0x30 binaries/naminit.o
                                         0x48 (size before relaxing)
 .eh_frame      0x00000000001159f8       0x84 binaries/nammap.o
                                         0x9c (size before relaxing)
 .eh_frame      0x0000000000115a7c       0x20 binaries/namopen.o
                                         0x38 (size before relaxing)
 .eh_frame      0x0000000000115a9c       0x2c binaries/colon2mac.o
                                         0x44 (size before relaxing)
 .eh_frame      0x0000000000115ac8       0x20 binaries/ethcontrol.o
                                         0x38 (size before relaxing)
 .eh_frame      0x0000000000115ae8       0x30 binaries/ethhandler.o
                                         0x48 (size before relaxing)
 .eh_frame      0x0000000000115b18       0x98 binaries/ethinit.o
                                         0xb0 (size before relaxing)
 .eh_frame      0x0000000000115bb0       0x54 binaries/ethmcast.o
                                         0x6c (size before relaxing)
 .eh_frame      0x0000000000115c04       0x30 binaries/ethread.o
                                         0x48 (size before relaxing)
 .eh_frame      0x0000000000115c34       0x2c binaries/ethwrite.o
                                         0x44 (size before relaxing)
 .eh_frame      0x0000000000115c60       0x24 binaries/rdsbufalloc.o
                                         0x3c (size before relaxing)
 .eh_frame      0x0000000000115c84       0x2c binaries/rdsclose.o
                                         0x44 (size before relaxing)
 .eh_frame      0x0000000000115cb0       0x30 binaries/rdscomm.o
                                         0x48 (size before relaxing)
 .eh_frame      0x0000000000115ce0       0x30 binaries/rdscontrol.o
                                         0x48 (size before relaxing)
 .eh_frame      0x0000000000115d10       0x30 binaries/rdsinit.o
                                         0x48 (size before relaxing)
 .eh_frame      0x0000000000115d40       0x30 binaries/rdsopen.o
                                         0x48 (size before relaxing)
 .eh_frame      0x0000000000115d70       0x20 binaries/rdsprocess.o
                                         0x38 (size before relaxing)
 .eh_frame      0x0000000000115d90       0x30 binaries/rdsread.o
                                         0x48 (size before relaxing)
 .eh_frame      0x0000000000115dc0       0x30 binaries/rdswrite.o
                                         0x48 (size before relaxing)
 .eh_frame      0x0000000000115df0       0x20 binaries/ramclose.o
                                         0x38 (size before relaxing)
 .eh_frame      0x0000000000115e10       0x20 binaries/raminit.o
                                         0x38 (size before relaxing)
 .eh_frame      0x0000000000115e30       0x20 binaries/ramopen.o
                                         0x38 (size before relaxing)
 .eh_frame      0x0000000000115e50       0x20 binaries/ramread.o
                                         0x38 (size before relaxing)
 .eh_frame      0x0000000000115e70       0x20 binaries/ramwrite.o
                                         0x38 (size before relaxing)
 .eh_frame      0x0000000000115e90       0x28 binaries/lfdballoc.o
                                         0x40 (size before relaxing)
 .eh_frame      0x0000000000115eb8       0x24 binaries/lfdbfree.o
                                         0x3c (size before relaxing)
 .eh_frame      0x0000000000115edc       0x24 binaries/lfflush.o
                                         0x3c (size before relaxing)
 .eh_frame      0x0000000000115f00       0x20 binaries/lfgetmode.o
                                         0x38 (size before relaxing)
 .eh_frame      0x0000000000115f20       0x24 binaries/lfiballoc.o
                                         0x3c (size before relaxing)
 .eh_frame      0x0000000000115f44       0x20 binaries/lfibclear.o
                                         0x38 (size before relaxing)
 .eh_frame      0x0000000000115f64       0x2c binaries/lfibget.o
                                         0x44 (size before relaxing)
 .eh_frame      0x0000000000115f90       0x2c binaries/lfibput.o
                                         0x44 (size before relaxing)
 .eh_frame      0x0000000000115fbc       0x28 binaries/lflclose.o
                                         0x40 (size before relaxing)
 .eh_frame      0x0000000000115fe4       0x2c binaries/lflcontrol.o
                                         0x44 (size before relaxing)
 .eh_frame      0x0000000000116010       0x28 binaries/lflgetc.o
                                         0x40 (size before relaxing)
 .eh_frame      0x0000000000116038       0x2c binaries/lflinit.o
                                         0x44 (size before relaxing)
 .eh_frame      0x0000000000116064       0x30 binaries/lflputc.o
                                         0x48 (size before relaxing)
 .eh_frame      0x0000000000116094       0x2c binaries/lflread.o
                                         0x44 (size before relaxing)
 .eh_frame      0x00000000001160c0       0x2c binaries/lflseek.o
                                         0x44 (size before relaxing)
 .eh_frame      0x00000000001160ec       0x2c binaries/lflwrite.o
                                         0x44 (size before relaxing)
 .eh_frame      0x0000000000116118       0x30 binaries/lfsckfmt.o
                                         0x48 (size before relaxing)
 .eh_frame      0x0000000000116148       0x30 binaries/lfscreate.o
                                         0x48 (size before relaxing)
 .eh_frame      0x0000000000116178       0x30 binaries/lfsetup.o
                                         0x48 (size before relaxing)
 .eh_frame      0x00000000001161a8       0x20 binaries/lfsinit.o
                                         0x38 (size before relaxing)
 .eh_frame      0x00000000001161c8       0x30 binaries/lfsopen.o
                                         0x48 (size before relaxing)
 .eh_frame      0x00000000001161f8       0x30 binaries/lftruncate.o
                                         0x48 (size before relaxing)
 .eh_frame      0x0000000000116228       0x20 binaries/rflclose.o
                                         0x38 (size before relaxing)
 .eh_frame      0x0000000000116248       0x20 binaries/rflgetc.o
                                         0x38 (size before relaxing)
 .eh_frame      0x0000000000116268       0x24 binaries/rflinit.o
                                         0x3c (size before relaxing)
 .eh_frame      0x000000000011628c       0x20 binaries/rflputc.o
                                         0x38 (size before relaxing)
 .eh_frame      0x00000000001162ac       0x30 binaries/rflread.o
                                         0x48 (size before relaxing)
 .eh_frame      0x00000000001162dc       0x20 binaries/rflseek.o
                                         0x38 (size before relaxing)
 .eh_frame      0x00000000001162fc       0x30 binaries/rflwrite.o
                                         0x48 (size before relaxing)
 .eh_frame      0x000000000011632c       0x30 binaries/rfscomm.o
                                         0x48 (size before relaxing)
 .eh_frame      0x000000000011635c       0x2c binaries/rfscontrol.o
                                         0x44 (size before relaxing)
 .eh_frame      0x0000000000116388       0x20 binaries/rfsgetmode.o
                                         0x38 (size before relaxing)
 .eh_frame      0x00000000001163a8       0x20 binaries/rfsinit.o
                                         0x38 (size before relaxing)
 .eh_frame      0x00000000001163c8       0x20 binaries/rfsndmsg.o
                                         0x38 (size before relaxing)
 .eh_frame      0x00000000001163e8       0x2c binaries/rfsopen.o
                                         0x44 (size before relaxing)
[...]
 .comment       0x0000000000000034       0x35 binaries/xsh_clear.o
 .comment       0x0000000000000034       0x35 binaries/xsh_date.o
 .comment       0x0000000000000034       0x35 binaries/xsh_devdump.o
 .comment       0x0000000000000034       0x35 binaries/xsh_echo.o
 .comment       0x0000000000000034       0x35 binaries/xsh_exit.o
 .comment       0x0000000000000034       0x35 binaries/xsh_help.o
 .comment       0x0000000000000034       0x35 binaries/xsh_ipaddr.o
 .comment       0x0000000000000034       0x35 binaries/xsh_kill.o
 .comment       0x0000000000000034       0x35 binaries/xsh_memdump.o
 .comment       0x0000000000000034       0x35 binaries/xsh_memstat.o
 .comment       0x0000000000000034       0x35 binaries/xsh_ping.o
 .comment       0x0000000000000034       0x35 binaries/xsh_ps.o
 .comment       0x0000000000000034       0x35 binaries/xsh_sleep.o
 .comment       0x0000000000000034       0x35 binaries/xsh_udpdump.o
 .comment       0x0000000000000034       0x35 binaries/xsh_udpecho.o
 .comment       0x0000000000000034       0x35 binaries/xsh_udpeserver.o
 .comment       0x0000000000000034       0x35 binaries/xsh_uptime.o
 .comment       0x0000000000000034       0x35 binaries/host2netca.o

.note.GNU-stack
                0x0000000000000000        0x0
 .note.GNU-stack
                0x0000000000000000        0x0 binaries/appl1.o
 .note.GNU-stack
                0x0000000000000000        0x0 binaries/ascdate.o
 .note.GNU-stack
                0x0000000000000000        0x0 binaries/bufinit.o
 .note.GNU-stack
                0x0000000000000000        0x0 binaries/chprio.o
 .note.GNU-stack
                0x0000000000000000        0x0 binaries/clkhandler.o
 .note.GNU-stack
                0x0000000000000000        0x0 binaries/clkinit.o
 .note.GNU-stack
                0x0000000000000000        0x0 binaries/close.o
 .note.GNU-stack
                0x0000000000000000        0x0 binaries/conf.o
 .note.GNU-stack
                0x0000000000000000        0x0 binaries/control.o
 .note.GNU-stack
                0x0000000000000000        0x0 binaries/create.o
 .note.GNU-stack
                0x0000000000000000        0x0 binaries/early_imr.o
 .note.GNU-stack
                0x0000000000000000        0x0 binaries/evec.o
 .note.GNU-stack
                0x0000000000000000        0x0 binaries/freebuf.o
 .note.GNU-stack
                0x0000000000000000        0x0 binaries/freemem.o
 .note.GNU-stack
                0x0000000000000000        0x0 binaries/fun1.o
 .note.GNU-stack
                0x0000000000000000        0x0 binaries/getbuf.o
 .note.GNU-stack
                0x0000000000000000        0x0 binaries/getc.o
 .note.GNU-stack
                0x0000000000000000        0x0 binaries/getdev.o
 .note.GNU-stack
                0x0000000000000000        0x0 binaries/getitem.o
 .note.GNU-stack
                0x0000000000000000        0x0 binaries/getmem.o
 .note.GNU-stack
                0x0000000000000000        0x0 binaries/getpid.o
 .note.GNU-stack
                0x0000000000000000        0x0 binaries/getprio.o
 .note.GNU-stack
                0x0000000000000000        0x0 binaries/getstk.o
 .note.GNU-stack
                0x0000000000000000        0x0 binaries/gettime.o
 .note.GNU-stack
                0x0000000000000000        0x0 binaries/getutime.o
 .note.GNU-stack
                0x0000000000000000        0x0 binaries/gocreate.o
 .note.GNU-stack
                0x0000000000000000        0x0 binaries/host2neta.o
 .note.GNU-stack
                0x0000000000000000        0x0 binaries/init.o
 .note.GNU-stack
                0x0000000000000000        0x0 binaries/initialize.o
 .note.GNU-stack
                0x0000000000000000        0x0 binaries/insert.o
 .note.GNU-stack
                0x0000000000000000        0x0 binaries/insertd.o
 .note.GNU-stack
                0x0000000000000000        0x0 binaries/ioerr.o
 .note.GNU-stack
                0x0000000000000000        0x0 binaries/ionull.o
 .note.GNU-stack
                0x0000000000000000        0x0 binaries/kill.o
 .note.GNU-stack
                0x0000000000000000        0x0 binaries/kprintf.o
 .note.GNU-stack
                0x0000000000000000        0x0 binaries/main1.o
 .note.GNU-stack
                0x0000000000000000        0x0 binaries/main.o
 .note.GNU-stack
                0x0000000000000000        0x0 binaries/mark.o
 .note.GNU-stack
                0x0000000000000000        0x0 binaries/meminit.o
 .note.GNU-stack
                0x0000000000000000        0x0 binaries/mkbufpool.o
 .note.GNU-stack
                0x0000000000000000        0x0 binaries/newqueue.o
 .note.GNU-stack
                0x0000000000000000        0x0 binaries/onandon.o
 .note.GNU-stack
                0x0000000000000000        0x0 binaries/open.o
 .note.GNU-stack
                0x0000000000000000        0x0 binaries/panic.o
 .note.GNU-stack
                0x0000000000000000        0x0 binaries/part4print.o
 .note.GNU-stack
                0x0000000000000000        0x0 binaries/pci.o
 .note.GNU-stack
                0x0000000000000000        0x0 binaries/platinit.o
 .note.GNU-stack
                0x0000000000000000        0x0 binaries/prnsegadd.o
 .note.GNU-stack
                0x0000000000000000        0x0 binaries/ptclear.o
 .note.GNU-stack
                0x0000000000000000        0x0 binaries/ptcount.o
 .note.GNU-stack
                0x0000000000000000        0x0 binaries/ptcreate.o
 .note.GNU-stack
                0x0000000000000000        0x0 binaries/ptdelete.o
 .note.GNU-stack
                0x0000000000000000        0x0 binaries/ptinit.o
 .note.GNU-stack
                0x0000000000000000        0x0 binaries/ptrecv.o
 .note.GNU-stack
                0x0000000000000000        0x0 binaries/ptreset.o
 .note.GNU-stack
                0x0000000000000000        0x0 binaries/ptsend.o
 .note.GNU-stack
                0x0000000000000000        0x0 binaries/putc.o
 .note.GNU-stack
                0x0000000000000000        0x0 binaries/quark_irq.o
 .note.GNU-stack
                0x0000000000000000        0x0 binaries/quark_pdat.o
 .note.GNU-stack
                0x0000000000000000        0x0 binaries/queue.o
 .note.GNU-stack
                0x0000000000000000        0x0 binaries/read.o
 .note.GNU-stack
                0x0000000000000000        0x0 binaries/ready.o
 .note.GNU-stack
                0x0000000000000000        0x0 binaries/receive.o
 .note.GNU-stack
                0x0000000000000000        0x0 binaries/recvclr.o
 .note.GNU-stack
                0x0000000000000000        0x0 binaries/recvtime.o
 .note.GNU-stack
                0x0000000000000000        0x0 binaries/resched.o
 .note.GNU-stack
                0x0000000000000000        0x0 binaries/resume.o
 .note.GNU-stack
                0x0000000000000000        0x0 binaries/seek.o
 .note.GNU-stack
                0x0000000000000000        0x0 binaries/semcount.o
 .note.GNU-stack
                0x0000000000000000        0x0 binaries/semcreate.o
 .note.GNU-stack
                0x0000000000000000        0x0 binaries/semdelete.o
 .note.GNU-stack
                0x0000000000000000        0x0 binaries/semreset.o
 .note.GNU-stack
                0x0000000000000000        0x0 binaries/send.o
 .note.GNU-stack
                0x0000000000000000        0x0 binaries/signal.o
 .note.GNU-stack
                0x0000000000000000        0x0 binaries/signaln.o
 .note.GNU-stack
                0x0000000000000000        0x0 binaries/sleep.o
 .note.GNU-stack
                0x0000000000000000        0x0 binaries/stackoverflowA.o
 .note.GNU-stack
                0x0000000000000000        0x0 binaries/stackoverflowB.o
 .note.GNU-stack
                0x0000000000000000        0x0 binaries/suspend.o
 .note.GNU-stack
                0x0000000000000000        0x0 binaries/unsleep.o
 .note.GNU-stack
                0x0000000000000000        0x0 binaries/userret.o
 .note.GNU-stack
                0x0000000000000000        0x0 binaries/wait.o
 .note.GNU-stack
                0x0000000000000000        0x0 binaries/wakeup.o
 .note.GNU-stack
                0x0000000000000000        0x0 binaries/write.o
 .note.GNU-stack
                0x0000000000000000        0x0 binaries/xdone.o
 .note.GNU-stack
                0x0000000000000000        0x0 binaries/yield.o
 .note.GNU-stack
                0x0000000000000000        0x0 binaries/abs.o
 .note.GNU-stack
                0x0000000000000000        0x0 binaries/atoi.o
 .note.GNU-stack
                0x0000000000000000        0x0 binaries/atol.o
 .note.GNU-stack
                0x0000000000000000        0x0 binaries/bzero.o
 .note.GNU-stack
                0x0000000000000000        0x0 binaries/ctype_.o
 .note.GNU-stack
                0x0000000000000000        0x0 binaries/doprnt.o
 .note.GNU-stack
                0x0000000000000000        0x0 binaries/doscan.o
 .note.GNU-stack
                0x0000000000000000        0x0 binaries/fdoprnt.o
 .note.GNU-stack
                0x0000000000000000        0x0 binaries/fgetc.o
 .note.GNU-stack
                0x0000000000000000        0x0 binaries/fgets.o
 .note.GNU-stack
                0x0000000000000000        0x0 binaries/fprintf.o
 .note.GNU-stack
                0x0000000000000000        0x0 binaries/fputc.o
 .note.GNU-stack
                0x0000000000000000        0x0 binaries/fputs.o
 .note.GNU-stack
                0x0000000000000000        0x0 binaries/fscanf.o
 .note.GNU-stack
                0x0000000000000000        0x0 binaries/getchar.o
 .note.GNU-stack
                0x0000000000000000        0x0 binaries/labs.o
 .note.GNU-stack
                0x0000000000000000        0x0 binaries/memchr.o
 .note.GNU-stack
                0x0000000000000000        0x0 binaries/memcmp.o
 .note.GNU-stack
                0x0000000000000000        0x0 binaries/memcpy.o
 .note.GNU-stack
                0x0000000000000000        0x0 binaries/memset.o
 .note.GNU-stack
                0x0000000000000000        0x0 binaries/printf.o
 .note.GNU-stack
                0x0000000000000000        0x0 binaries/putchar.o
 .note.GNU-stack
                0x0000000000000000        0x0 binaries/qsort.o
 .note.GNU-stack
                0x0000000000000000        0x0 binaries/rand.o
 .note.GNU-stack
                0x0000000000000000        0x0 binaries/sprintf.o
 .note.GNU-stack
                0x0000000000000000        0x0 binaries/sscanf.o
 .note.GNU-stack
                0x0000000000000000        0x0 binaries/strchr.o
 .note.GNU-stack
                0x0000000000000000        0x0 binaries/strcmp.o
 .note.GNU-stack
                0x0000000000000000        0x0 binaries/strcpy.o
 .note.GNU-stack
                0x0000000000000000        0x0 binaries/strlen.o
 .note.GNU-stack
                0x0000000000000000        0x0 binaries/strncat.o
 .note.GNU-stack
                0x0000000000000000        0x0 binaries/strncmp.o
 .note.GNU-stack
                0x0000000000000000        0x0 binaries/strncpy.o
 .note.GNU-stack
                0x0000000000000000        0x0 binaries/strnlen.o
 .note.GNU-stack
                0x0000000000000000        0x0 binaries/strrchr.o
 .note.GNU-stack
                0x0000000000000000        0x0 binaries/strstr.o
 .note.GNU-stack
                0x0000000000000000        0x0 binaries/ttycontrol.o
 .note.GNU-stack
                0x0000000000000000        0x0 binaries/ttygetc.o
 .note.GNU-stack
                0x0000000000000000        0x0 binaries/ttyhandle_in.o
 .note.GNU-stack
                0x0000000000000000        0x0 binaries/ttyhandle_out.o
 .note.GNU-stack
                0x0000000000000000        0x0 binaries/ttyhandler.o
 .note.GNU-stack
                0x0000000000000000        0x0 binaries/ttyinit.o
 .note.GNU-stack
                0x0000000000000000        0x0 binaries/ttykickout.o
 .note.GNU-stack
                0x0000000000000000        0x0 binaries/ttyputc.o
 .note.GNU-stack
                0x0000000000000000        0x0 binaries/ttyread.o
 .note.GNU-stack
                0x0000000000000000        0x0 binaries/ttywrite.o
 .note.GNU-stack
                0x0000000000000000        0x0 binaries/mount.o
 .note.GNU-stack
                0x0000000000000000        0x0 binaries/naminit.o
 .note.GNU-stack
                0x0000000000000000        0x0 binaries/nammap.o
 .note.GNU-stack
                0x0000000000000000        0x0 binaries/namopen.o
 .note.GNU-stack
                0x0000000000000000        0x0 binaries/colon2mac.o
 .note.GNU-stack
                0x0000000000000000        0x0 binaries/ethcontrol.o
 .note.GNU-stack
                0x0000000000000000        0x0 binaries/ethhandler.o
 .note.GNU-stack
                0x0000000000000000        0x0 binaries/ethinit.o
 .note.GNU-stack
                0x0000000000000000        0x0 binaries/ethmcast.o
 .note.GNU-stack
                0x0000000000000000        0x0 binaries/ethread.o
 .note.GNU-stack
                0x0000000000000000        0x0 binaries/ethwrite.o
 .note.GNU-stack
                0x0000000000000000        0x0 binaries/rdsbufalloc.o
 .note.GNU-stack
                0x0000000000000000        0x0 binaries/rdsclose.o
 .note.GNU-stack
                0x0000000000000000        0x0 binaries/rdscomm.o
 .note.GNU-stack
                0x0000000000000000        0x0 binaries/rdscontrol.o
 .note.GNU-stack
                0x0000000000000000        0x0 binaries/rdsinit.o
 .note.GNU-stack
                0x0000000000000000        0x0 binaries/rdsopen.o
 .note.GNU-stack
                0x0000000000000000        0x0 binaries/rdsprocess.o
 .note.GNU-stack
                0x0000000000000000        0x0 binaries/rdsread.o
 .note.GNU-stack
                0x0000000000000000        0x0 binaries/rdswrite.o
 .note.GNU-stack
                0x0000000000000000        0x0 binaries/ramclose.o
 .note.GNU-stack
                0x0000000000000000        0x0 binaries/raminit.o
 .note.GNU-stack
                0x0000000000000000        0x0 binaries/ramopen.o
 .note.GNU-stack
                0x0000000000000000        0x0 binaries/ramread.o
 .note.GNU-stack
                0x0000000000000000        0x0 binaries/ramwrite.o
 .note.GNU-stack
                0x0000000000000000        0x0 binaries/lfdballoc.o
 .note.GNU-stack
                0x0000000000000000        0x0 binaries/lfdbfree.o
 .note.GNU-stack
                0x0000000000000000        0x0 binaries/lfflush.o
 .note.GNU-stack
                0x0000000000000000        0x0 binaries/lfgetmode.o
 .note.GNU-stack
                0x0000000000000000        0x0 binaries/lfiballoc.o
 .note.GNU-stack
                0x0000000000000000        0x0 binaries/lfibclear.o
 .note.GNU-stack
                0x0000000000000000        0x0 binaries/lfibget.o
 .note.GNU-stack
                0x0000000000000000        0x0 binaries/lfibput.o
 .note.GNU-stack
                0x0000000000000000        0x0 binaries/lflclose.o
 .note.GNU-stack
                0x0000000000000000        0x0 binaries/lflcontrol.o
 .note.GNU-stack
                0x0000000000000000        0x0 binaries/lflgetc.o
 .note.GNU-stack
                0x0000000000000000        0x0 binaries/lflinit.o
 .note.GNU-stack
                0x0000000000000000        0x0 binaries/lflputc.o
 .note.GNU-stack
                0x0000000000000000        0x0 binaries/lflread.o
 .note.GNU-stack
                0x0000000000000000        0x0 binaries/lflseek.o
 .note.GNU-stack
                0x0000000000000000        0x0 binaries/lflwrite.o
 .note.GNU-stack
                0x0000000000000000        0x0 binaries/lfsckfmt.o
 .note.GNU-stack
                0x0000000000000000        0x0 binaries/lfscreate.o
 .note.GNU-stack
                0x0000000000000000        0x0 binaries/lfsetup.o
 .note.GNU-stack
                0x0000000000000000        0x0 binaries/lfsinit.o
 .note.GNU-stack
                0x0000000000000000        0x0 binaries/lfsopen.o
 .note.GNU-stack
                0x0000000000000000        0x0 binaries/lftruncate.o
 .note.GNU-stack
                0x0000000000000000        0x0 binaries/rflclose.o
 .note.GNU-stack
                0x0000000000000000        0x0 binaries/rflgetc.o
 .note.GNU-stack
                0x0000000000000000        0x0 binaries/rflinit.o
 .note.GNU-stack
                0x0000000000000000        0x0 binaries/rflputc.o
 .note.GNU-stack
                0x0000000000000000        0x0 binaries/rflread.o
 .note.GNU-stack
                0x0000000000000000        0x0 binaries/rflseek.o
 .note.GNU-stack
                0x0000000000000000        0x0 binaries/rflwrite.o
 .note.GNU-stack
                0x0000000000000000        0x0 binaries/rfscomm.o
 .note.GNU-stack
                0x0000000000000000        0x0 binaries/rfscontrol.o
 .note.GNU-stack
                0x0000000000000000        0x0 binaries/rfsgetmode.o
 .note.GNU-stack
                0x0000000000000000        0x0 binaries/rfsinit.o
 .note.GNU-stack
                0x0000000000000000        0x0 binaries/rfsndmsg.o
 .note.GNU-stack
                0x0000000000000000        0x0 binaries/rfsopen.o
 .note.GNU-stack
                0x0000000000000000        0x0 binaries/arp.o
 .note.GNU-stack
                0x0000000000000000        0x0 binaries/dhcp.o
 .note.GNU-stack
                0x0000000000000000        0x0 binaries/dot2ip.o
 .note.GNU-stack
                0x0000000000000000        0x0 binaries/hexdump.o
 .note.GNU-stack
                0x0000000000000000        0x0 binaries/icmp.o
 .note.GNU-stack
                0x0000000000000000        0x0 binaries/ip.o
 .note.GNU-stack
                0x0000000000000000        0x0 binaries/net.o
 .note.GNU-stack
                0x0000000000000000        0x0 binaries/netstart.o
 .note.GNU-stack
                0x0000000000000000        0x0 binaries/pdump.o
 .note.GNU-stack
                0x0000000000000000        0x0 binaries/tftp.o
 .note.GNU-stack
                0x0000000000000000        0x0 binaries/udp.o
 .note.GNU-stack
                0x0000000000000000        0x0 binaries/addargs.o
 .note.GNU-stack
                0x0000000000000000        0x0 binaries/lab1cmd.o
 .note.GNU-stack
                0x0000000000000000        0x0 binaries/lexan.o
 .note.GNU-stack
                0x0000000000000000        0x0 binaries/shell.o
 .note.GNU-stack
                0x0000000000000000        0x0 binaries/xsh_argecho.o
 .note.GNU-stack
                0x0000000000000000        0x0 binaries/xsh_arp.o
 .note.GNU-stack
                0x0000000000000000        0x0 binaries/xsh_cat.o
 .note.GNU-stack
                0x0000000000000000        0x0 binaries/xsh_clear.o
 .note.GNU-stack
                0x0000000000000000        0x0 binaries/xsh_date.o
 .note.GNU-stack
                0x0000000000000000        0x0 binaries/xsh_devdump.o
 .note.GNU-stack
                0x0000000000000000        0x0 binaries/xsh_echo.o
 .note.GNU-stack
                0x0000000000000000        0x0 binaries/xsh_exit.o
 .note.GNU-stack
                0x0000000000000000        0x0 binaries/xsh_help.o
 .note.GNU-stack
                0x0000000000000000        0x0 binaries/xsh_ipaddr.o
 .note.GNU-stack
                0x0000000000000000        0x0 binaries/xsh_kill.o
 .note.GNU-stack
                0x0000000000000000        0x0 binaries/xsh_memdump.o
 .note.GNU-stack
                0x0000000000000000        0x0 binaries/xsh_memstat.o
 .note.GNU-stack
                0x0000000000000000        0x0 binaries/xsh_ping.o
 .note.GNU-stack
                0x0000000000000000        0x0 binaries/xsh_ps.o
 .note.GNU-stack
                0x0000000000000000        0x0 binaries/xsh_sleep.o
 .note.GNU-stack
                0x0000000000000000        0x0 binaries/xsh_udpdump.o
 .note.GNU-stack
                0x0000000000000000        0x0 binaries/xsh_udpecho.o
 .note.GNU-stack
                0x0000000000000000        0x0 binaries/xsh_udpeserver.o
 .note.GNU-stack
                0x0000000000000000        0x0 binaries/xsh_uptime.o
 .note.GNU-stack
                0x0000000000000000        0x0 binaries/host2netca.o
